// Jest Snapshot v1, https://goo.gl/fbAQLP

exports[`renders correctly 1`] = `
<View
  style={
    Object {
      "backgroundColor": "#FFF",
      "borderStyle": "solid",
      "elevation": 2,
      "flex": 1,
      "flexDirection": "row",
      "marginBottom": 2,
      "marginTop": 0,
    }
  }
>
  <View
    style={
      Object {
        "alignItems": "center",
        "display": "flex",
        "flexDirection": "column",
        "height": 60,
        "justifyContent": "center",
        "marginLeft": 10,
        "marginTop": 10,
        "padding": "none",
        "width": "50px",
      }
    }
  >
    <Text
      style={
        Object {
          "fontSize": 25,
          "fontWeight": "bold",
        }
      }
    >
      undefined/undefined
    </Text>
    <Text
      style={
        Object {
          "flex": 1,
          "fontSize": 11,
        }
      }
    >
      Available
    </Text>
  </View>
  <View
    style={
      Object {
        "flex": 1,
        "flexDirection": "column",
        "justifyContent": "center",
        "marginLeft": 12,
        "padding": 10,
        "width": "50%",
      }
    }
  >
    <Text
      numberOfLines={1}
      style={
        Object {
          "color": "#000",
          "fontSize": 16,
        }
      }
    />
    <Text
      style={
        Object {
          "fontSize": 11,
          "marginTop": 4,
        }
      }
    />
  </View>
  <Text />
  <View
    style={
      Object {
        "alignItems": "center",
        "backgroundColor": "#e6e1e1",
        "display": "flex",
        "flexDirection": "column",
        "justifyContent": "center",
        "padding": "none",
        "width": "50px",
      }
    }
  >
    <style
      dangerouslySetInnerHTML={
        Object {
          "__html": ".css-1jogx4x-MuiSvgIcon-root{-webkit-user-select:none;-moz-user-select:none;-ms-user-select:none;user-select:none;width:1em;height:1em;display:inline-block;fill:currentColor;-webkit-flex-shrink:0;-ms-flex-negative:0;flex-shrink:0;-webkit-transition:fill 200ms cubic-bezier(0.4, 0, 0.2, 1) 0ms;transition:fill 200ms cubic-bezier(0.4, 0, 0.2, 1) 0ms;font-size:1.5rem;color:blue;}",
        }
      }
      data-emotion="css 1jogx4x-MuiSvgIcon-root"
    />
    <svg
      aria-hidden={true}
      className="MuiSvgIcon-root MuiSvgIcon-fontSizeMedium css-1jogx4x-MuiSvgIcon-root"
      data-testid="DirectionsIcon"
      focusable="false"
      viewBox="0 0 24 24"
    >
      <path
        d="m21.71 11.29-9-9a.9959.9959 0 0 0-1.41 0l-9 9c-.39.39-.39 1.02 0 1.41l9 9c.39.39 1.02.39 1.41 0l9-9c.39-.38.39-1.01 0-1.41zM14 14.5V12h-4v3H8v-4c0-.55.45-1 1-1h5V7.5l3.5 3.5-3.5 3.5z"
      />
    </svg>
    <Text>
      undefinedm
    </Text>
  </View>
</View>
`;
